src/pages/LeadCapture.tsx(29,61): error TS2769: No overload matches this call.
  Overload 1 of 2, '(values: { assigned_agent_id?: string; budget?: string; created_at?: string; email?: string; first_response_time_min?: number; id?: string; last_activity_at?: string; lead_score?: number; name: string; next_follow_up?: string; ... 7 more ...; updated_at?: string; }, options?: { ...; }): PostgrestFilterBuilder<...>', gave the following error.
    Argument of type '{ name: string; phone: string; email: string; source: string; budget: number; notes: string; }[]' is not assignable to parameter of type '{ assigned_agent_id?: string; budget?: string; created_at?: string; email?: string; first_response_time_min?: number; id?: string; last_activity_at?: string; lead_score?: number; name: string; next_follow_up?: string; ... 7 more ...; updated_at?: string; }'.
      Type '{ name: string; phone: string; email: string; source: string; budget: number; notes: string; }[]' is missing the following properties from type '{ assigned_agent_id?: string; budget?: string; created_at?: string; email?: string; first_response_time_min?: number; id?: string; last_activity_at?: string; lead_score?: number; name: string; next_follow_up?: string; ... 7 more ...; updated_at?: string; }': name, phone
